Microchip MPLAB XC8 Compiler V1.32 ()

Linker command line:

-W-3 --edf=C:\Program Files\Microchip\xc8\v1.32\dat\en_msgs.txt -cs \
  -h+dist/default/production\PIC18F.X.production.sym \
  --cmf=dist/default/production\PIC18F.X.production.cmf -z -Q18F4620 \
  -oC:\Users\CST\AppData\Local\Temp\s7qc.6 \
  -Mdist/default/production/PIC18F.X.production.map -E1 -ver=XC8 \
  -ASTACK=080h-09ffh -pstack=STACK -ACODE=00h-0FFFFh -ACONST=00h-0FFFFh \
  -ASMALLCONST=01000h-010FFhx240 -AMEDIUMCONST=01000h-0FFFFh \
  -ACOMRAM=01h-07Fh -AABS1=00h-0F7Fh -ABIGRAM=01h-0F7Fh \
  -ARAM=080h-0FFh,0100h-01FFhx14,0F00h-0F7Fh -ABANK0=080h-0FFh \
  -ABANK1=0100h-01FFh -ABANK2=0200h-02FFh -ABANK3=0300h-03FFh \
  -ABANK4=0400h-04FFh -ABANK5=0500h-05FFh -ABANK6=0600h-06FFh \
  -ABANK7=0700h-07FFh -ABANK8=0800h-08FFh -ABANK9=0900h-09FFh \
  -ABANK10=0A00h-0AFFh -ABANK11=0B00h-0BFFh -ABANK12=0C00h-0CFFh \
  -ABANK13=0D00h-0DFFh -ABANK14=0E00h-0EFFh -ABANK15=0F00h-0F7Fh \
  -ASFR=0F80h-0FFFh -preset_vec=00h,intcode,intcodelo,powerup,init,end_init \
  -pramtop=01000h -psmallconst=SMALLCONST -pmediumconst=MEDIUMCONST \
  -pconst=CONST -AFARRAM=00h-00h -ACONFIG=0300000h-030000Dh -pconfig=CONFIG \
  -AIDLOC=0200000h-0200007h -pidloc=IDLOC -AEEDATA=0F00000h-0F003FFh \
  -peeprom_data=EEDATA \
  -prdata=COMRAM,nvrram=COMRAM,nvbit=COMRAM,rbss=COMRAM,rbit=COMRAM \
  -pfarbss=FARRAM,fardata=FARRAM,nvFARRAM=FARRAM \
  -pintsave_regs=BIGRAM,bigbss=BIGRAM,bigdata=BIGRAM -pbss=RAM \
  -pidata=CODE,irdata=CODE,ibigdata=CODE,ifardata=CODE \
  C:\Users\CST\AppData\Local\Temp\s7qc.obj \
  dist/default/production\PIC18F.X.production.obj 

Object code version is 3.11

Machine type is 18F4620

Call graph: (short form)




                Name                               Link     Load   Length Selector   Space Scale
C:\Users\CST\AppData\Local\Temp\s7qc.obj
                end_init                              0        0        4        0       0
                idloc                            200000   200000        8   200000       0
                config                           300000   300000        E   300000       0
dist/default/production\PIC18F.X.production.obj
                text13                             FDDC     FDDC       16     7EEE       0
                text12                             FDAC     FDAC       10     7ED6       0
                text11                             FDF2     FDF2       20     7EF9       0
                text10                             FD92     FD92        8     7EC9       0
                text9                              FDBC     FDBC       10     7EDE       0
                text8                              FF0E     FF0E       76     7F87       0
                text7                              FDCC     FDCC       10     7EE6       0
                text6                              FE7E     FE7E       34     7F3F       0
                text5                              FE32     FE32       22     7F19       0
                text4                              FDA2     FDA2        A     7ED1       0
                text3                              FEB2     FEB2       5C     7F59       0
                text2                              FD8C     FD8C        6     7EC6       0
                text1                              FD9A     FD9A        8     7ECD       0
                text0                              FF84     FF84       7C     7FC2       0
                cstackCOMRAM                          1        1       2B        1       1
                dataCOMRAM                           2C       2C       20        1       1
                bssCOMRAM                            4C       4C        2        1       1
                cinit                              FE54     FE54       2A     7F2A       0
                idataCOMRAM                        FE12     FE12       20     FE12       0

TOTAL           Name                               Link     Load   Length     Space
        CLASS   STACK          

        CLASS   CODE           
                end_init                              0        0        4         0
                text13                             FDDC     FDDC       16         0
                text12                             FDAC     FDAC       10         0
                text11                             FDF2     FDF2       20         0
                text10                             FD92     FD92        8         0
                text9                              FDBC     FDBC       10         0
                text8                              FF0E     FF0E       76         0
                text7                              FDCC     FDCC       10         0
                text6                              FE7E     FE7E       34         0
                text5                              FE32     FE32       22         0
                text4                              FDA2     FDA2        A         0
                text3                              FEB2     FEB2       5C         0
                text2                              FD8C     FD8C        6         0
                text1                              FD9A     FD9A        8         0
                text0                              FF84     FF84       7C         0
                cinit                              FE54     FE54       2A         0
                idataCOMRAM                        FE12     FE12       20         0

        CLASS   CONST          

        CLASS   SMALLCONST     

        CLASS   MEDIUMCONST    

        CLASS   COMRAM         
                cstackCOMRAM                          1        1       2B         1
                dataCOMRAM                           2C       2C       20         1
                bssCOMRAM                            4C       4C        2         1

        CLASS   ABS1           

        CLASS   BIGRAM         

        CLASS   RAM            

        CLASS   BANK0          

        CLASS   BANK1          

        CLASS   BANK2          

        CLASS   BANK3          

        CLASS   BANK4          

        CLASS   BANK5          

        CLASS   BANK6          

        CLASS   BANK7          

        CLASS   BANK8          

        CLASS   BANK9          

        CLASS   BANK10         

        CLASS   BANK11         

        CLASS   BANK12         

        CLASS   BANK13         

        CLASS   BANK14         

        CLASS   BANK15         

        CLASS   SFR            

        CLASS   FARRAM         

        CLASS   CONFIG         
                config                           300000   300000        E         0

        CLASS   IDLOC          
                idloc                            200000   200000        8         0

        CLASS   EEDATA         



SEGMENTS        Name                           Load    Length   Top    Selector   Space  Class

                reset_vec                      000000  000004  000004         0       0  CODE    
                cstackCOMRAM                   000001  00004D  00004E         1       1  COMRAM  
                text2                          00FD8C  000006  00FD92      7EC6       0  CODE    
                text10                         00FD92  000008  00FD9A      7EC9       0  CODE    
                text1                          00FD9A  000008  00FDA2      7ECD       0  CODE    
                text4                          00FDA2  00000A  00FDAC      7ED1       0  CODE    
                text12                         00FDAC  000010  00FDBC      7ED6       0  CODE    
                text9                          00FDBC  000010  00FDCC      7EDE       0  CODE    
                text7                          00FDCC  000010  00FDDC      7EE6       0  CODE    
                text13                         00FDDC  000016  00FDF2      7EEE       0  CODE    
                text11                         00FDF2  000020  00FE12      7EF9       0  CODE    
                idataCOMRAM                    00FE12  000020  00FE32      FE12       0  CODE    
                text5                          00FE32  000022  00FE54      7F19       0  CODE    
                cinit                          00FE54  00002A  00FE7E      7F2A       0  CODE    
                text6                          00FE7E  000034  00FEB2      7F3F       0  CODE    
                text3                          00FEB2  00005C  00FF0E      7F59       0  CODE    
                text8                          00FF0E  000076  00FF84      7F87       0  CODE    
                text0                          00FF84  00007C  010000      7FC2       0  CODE    
                idloc                          200000  000008  200008    200000       0  IDLOC   
                config                         300000  00000E  30000E    300000       0  CONFIG  


UNUSED ADDRESS RANGES

        Name                Unused          Largest block    Delta
        BANK0            000080-0000FF               80
        BANK1            000100-0001FF              100
        BANK10           000A00-000AFF              100
        BANK11           000B00-000BFF              100
        BANK12           000C00-000CFF              100
        BANK13           000D00-000DFF              100
        BANK14           000E00-000EFF              100
        BANK15           000F00-000F7F               80
        BANK2            000200-0002FF              100
        BANK3            000300-0003FF              100
        BANK4            000400-0004FF              100
        BANK5            000500-0005FF              100
        BANK6            000600-0006FF              100
        BANK7            000700-0007FF              100
        BANK8            000800-0008FF              100
        BANK9            000900-0009FF              100
        BIGRAM           00004E-000F7F              F32
        CODE             000004-00FD8B             FD88
        COMRAM           00004E-00007F               32
        CONST            000004-00FD8B             FD88
        EEDATA           F00000-F003FF              400
        MEDIUMCONST      001000-00FD8B             ED8C
        RAM              000080-000F7F              100
        SFR              000F80-000FFF               80
        SMALLCONST       001000-00FD8B              100
        STACK            000080-0009FF              980

                                  Symbol Table

Delay100TCYx@unit        cstackCOMRAM 000001
Delay10KTCYx@unit        cstackCOMRAM 000002
Delay10TCYx@unit         cstackCOMRAM 000001
Delay1KTCYx@unit         cstackCOMRAM 000001
LCDPos@pos               cstackCOMRAM 000003
LCDPut@A                 cstackCOMRAM 000003
LCDPutString@DString     cstackCOMRAM 000005
LCDPutString@lpos1       cstackCOMRAM 000009
LCDPutString@p_DString   cstackCOMRAM 000007
_Delay100TCYx            text7        00FDCC
_Delay10KTCYx            text13       00FDDC
_Delay10TCYx             text9        00FDBC
_Delay1KTCYx             text12       00FDAC
_LATD                    (abs)        000F8C
_LATEbits                (abs)        000F8D
_LCDClear                text10       00FD92
_LCDInit                 text8        00FF0E
_LCDPos                  text6        00FE7E
_LCDPut                  text4        00FDA2
_LCDPutString            text3        00FEB2
_OSCCONbits              (abs)        000FD3
_TRISD                   (abs)        000F95
_TRISEbits               (abs)        000F96
__CFG_BOREN$OFF          (abs)        000000
__CFG_EBTRB$OFF          (abs)        000000
__CFG_FCMEN$OFF          (abs)        000000
__CFG_IESO$OFF           (abs)        000000
__CFG_LVP$OFF            (abs)        000000
__CFG_MCLRE$ON           (abs)        000000
__CFG_OSC$INTIO67        (abs)        000000
__CFG_PBADEN$OFF         (abs)        000000
__CFG_PWRT$OFF           (abs)        000000
__CFG_WDT$OFF            (abs)        000000
__CFG_WRTC$OFF           (abs)        000000
__HRAM                   (abs)        000000
__Habs1                  abs1         000000
__Hbank0                 bank0        000000
__Hbank1                 bank1        000000
__Hbank10                bank10       000000
__Hbank11                bank11       000000
__Hbank12                bank12       000000
__Hbank13                bank13       000000
__Hbank14                bank14       000000
__Hbank15                bank15       000000
__Hbank2                 bank2        000000
__Hbank3                 bank3        000000
__Hbank4                 bank4        000000
__Hbank5                 bank5        000000
__Hbank6                 bank6        000000
__Hbank7                 bank7        000000
__Hbank8                 bank8        000000
__Hbank9                 bank9        000000
__Hbigbss                bigbss       000000
__Hbigdata               bigdata      000000
__Hbigram                bigram       000000
__Hbss                   bss          000000
__HbssCOMRAM             bssCOMRAM    000000
__Hcinit                 cinit        000000
__Hclrtext               clrtext      000000
__Hcomram                comram       000000
__Hconfig                config       30000E
__Hconst                 const        000000
__HcstackCOMRAM          cstackCOMRAM 000000
__Hdata                  data         000000
__HdataCOMRAM            dataCOMRAM   000000
__Heeprom_data           eeprom_data  000000
__Hend_init              end_init     000004
__Hfarbss                farbss       000000
__Hfardata               fardata      000000
__Hibigdata              ibigdata     000000
__Hidata                 idata        000000
__HidataCOMRAM           idataCOMRAM  000000
__Hidloc                 idloc        200008
__Hifardata              ifardata     000000
__Hinit                  init         000000
__Hintcode               intcode      000000
__Hintcode_body          intcode_body 000000
__Hintcodelo             intcodelo    000000
__Hintentry              intentry     000000
__Hintret                intret       000000
__Hintsave_regs          intsave_regs 000000
__Hirdata                irdata       000000
__Hmediumconst           mediumconst  000000
__HnvFARRAM              nvFARRAM     000000
__Hnvbit                 nvbit        000000
__Hnvrram                nvrram       000000
__Hparam                 rparam       000000
__Hpowerup               powerup      000000
__Hram                   ram          000000
__Hramtop                ramtop       001000
__Hrbit                  rbit         000000
__Hrbss                  rbss         000000
__Hrdata                 rdata        000000
__Hreset_vec             reset_vec    000000
__Hrparam                rparam       000000
__Hsfr                   sfr          000000
__Hsmallconst            smallconst   000000
__Hspace_0               (abs)        30000E
__Hspace_1               (abs)        00004E
__Hspace_2               (abs)        000000
__Hstack                 stack        000000
__Hstruct                struct       000000
__Htemp                  temp         000000
__Htext                  text         000000
__Htext0                 text0        000000
__Htext1                 text1        000000
__Htext10                text10       000000
__Htext11                text11       000000
__Htext12                text12       000000
__Htext13                text13       000000
__Htext2                 text2        000000
__Htext3                 text3        000000
__Htext4                 text4        000000
__Htext5                 text5        000000
__Htext6                 text6        000000
__Htext7                 text7        000000
__Htext8                 text8        000000
__Htext9                 text9        000000
__LRAM                   (abs)        000001
__Labs1                  abs1         000000
__Lbank0                 bank0        000000
__Lbank1                 bank1        000000
__Lbank10                bank10       000000
__Lbank11                bank11       000000
__Lbank12                bank12       000000
__Lbank13                bank13       000000
__Lbank14                bank14       000000
__Lbank15                bank15       000000
__Lbank2                 bank2        000000
__Lbank3                 bank3        000000
__Lbank4                 bank4        000000
__Lbank5                 bank5        000000
__Lbank6                 bank6        000000
__Lbank7                 bank7        000000
__Lbank8                 bank8        000000
__Lbank9                 bank9        000000
__Lbigbss                bigbss       000000
__Lbigdata               bigdata      000000
__Lbigram                bigram       000000
__Lbss                   bss          000000
__LbssCOMRAM             bssCOMRAM    000000
__Lcinit                 cinit        000000
__Lclrtext               clrtext      000000
__Lcomram                comram       000000
__Lconfig                config       300000
__Lconst                 const        000000
__LcstackCOMRAM          cstackCOMRAM 000000
__Ldata                  data         000000
__LdataCOMRAM            dataCOMRAM   000000
__Leeprom_data           eeprom_data  000000
__Lend_init              end_init     000000
__Lfarbss                farbss       000000
__Lfardata               fardata      000000
__Libigdata              ibigdata     000000
__Lidata                 idata        000000
__LidataCOMRAM           idataCOMRAM  000000
__Lidloc                 idloc        200000
__Lifardata              ifardata     000000
__Linit                  init         000000
__Lintcode               intcode      000000
__Lintcode_body          intcode_body 000000
__Lintcodelo             intcodelo    000000
__Lintentry              intentry     000000
__Lintret                intret       000000
__Lintsave_regs          intsave_regs 000000
__Lirdata                irdata       000000
__Lmediumconst           mediumconst  000000
__LnvFARRAM              nvFARRAM     000000
__Lnvbit                 nvbit        000000
__Lnvrram                nvrram       000000
__Lparam                 rparam       000000
__Lpowerup               powerup      000000
__Lram                   ram          000000
__Lramtop                ramtop       001000
__Lrbit                  rbit         000000
__Lrbss                  rbss         000000
__Lrdata                 rdata        000000
__Lreset_vec             reset_vec    000000
__Lrparam                rparam       000000
__Lsfr                   sfr          000000
__Lsmallconst            smallconst   000000
__Lspace_0               (abs)        000000
__Lspace_1               (abs)        000000
__Lspace_2               (abs)        000000
__Lstack                 stack        000000
__Lstruct                struct       000000
__Ltemp                  temp         000000
__Ltext                  text         000000
__Ltext0                 text0        000000
__Ltext1                 text1        000000
__Ltext10                text10       000000
__Ltext11                text11       000000
__Ltext12                text12       000000
__Ltext13                text13       000000
__Ltext2                 text2        000000
__Ltext3                 text3        000000
__Ltext4                 text4        000000
__Ltext5                 text5        000000
__Ltext6                 text6        000000
__Ltext7                 text7        000000
__Ltext8                 text8        000000
__Ltext9                 text9        000000
__S0                     (abs)        30000E
__S1                     (abs)        00004E
__S2                     (abs)        000000
___inthi_sp              stack        000000
___intlo_sp              stack        000000
___sp                    stack        000000
__accesstop              (abs)        000080
__activetblptr           (abs)        000000
__end_of_Delay100TCYx    text7        00FDDC
__end_of_Delay10KTCYx    text13       00FDF2
__end_of_Delay10TCYx     text9        00FDCC
__end_of_Delay1KTCYx     text12       00FDBC
__end_of_LCDClear        text10       00FD9A
__end_of_LCDInit         text8        00FF84
__end_of_LCDPos          text6        00FEB2
__end_of_LCDPut          text4        00FDAC
__end_of_LCDPutString    text3        00FF0E
__end_of__initialization cinit        00FE78
__end_of_initIO          text2        00FD92
__end_of_initOscillator  text1        00FDA2
__end_of_lcd_cmd         text11       00FE12
__end_of_lcd_data        text5        00FE54
__end_of_main            text0        010000
__initialization         cinit        00FE54
__mediumconst            mediumconst  000000
__pbssCOMRAM             bssCOMRAM    00004C
__pcinit                 cinit        00FE54
__pcstackCOMRAM          cstackCOMRAM 000001
__pdataCOMRAM            dataCOMRAM   00002C
__pidataCOMRAM           idataCOMRAM  00FE12
__ptext0                 text0        00FF84
__ptext1                 text1        00FD9A
__ptext10                text10       00FD92
__ptext11                text11       00FDF2
__ptext12                text12       00FDAC
__ptext13                text13       00FDDC
__ptext2                 text2        00FD8C
__ptext3                 text3        00FEB2
__ptext4                 text4        00FDA2
__ptext5                 text5        00FE32
__ptext6                 text6        00FE7E
__ptext7                 text7        00FDCC
__ptext8                 text8        00FF0E
__ptext9                 text9        00FDBC
__ramtop                 ramtop       001000
__size_of_Delay100TCYx   (abs)        000000
__size_of_Delay10KTCYx   (abs)        000000
__size_of_Delay10TCYx    (abs)        000000
__size_of_Delay1KTCYx    (abs)        000000
__size_of_LCDClear       (abs)        000000
__size_of_LCDInit        (abs)        000000
__size_of_LCDPos         (abs)        000000
__size_of_LCDPut         (abs)        000000
__size_of_LCDPutString   (abs)        000000
__size_of_initIO         (abs)        000000
__size_of_initOscillator (abs)        000000
__size_of_lcd_cmd        (abs)        000000
__size_of_lcd_data       (abs)        000000
__size_of_main           (abs)        000000
__smallconst             smallconst   000000
_initIO                  text2        00FD8C
_initOscillator          text1        00FD9A
_lcd_cmd                 text11       00FDF2
_lcd_data                text5        00FE32
_main                    text0        00FF84
_pos1                    bssCOMRAM    00004C
end_of_initialization    cinit        00FE78
intlevel0                text         000000
intlevel1                text         000000
intlevel2                text         000000
intlevel3                text         000000
lcd_cmd@cmd              cstackCOMRAM 000002
lcd_data@data            cstackCOMRAM 000002
main@F4053               dataCOMRAM   00002C
main@TString             cstackCOMRAM 00000B
main@test                cstackCOMRAM 00002B
stackhi                  (abs)        0009FF
stacklo                  (abs)        000080
start                    init         000000
start_initialization     cinit        00FE54


FUNCTION INFORMATION:

 *************** function _main *****************
 Defined at:
		line 29 in file "lab6_main.c"
 Parameters:    Size  Location     Type
		None
 Auto vars:     Size  Location     Type
  TString        32   10[COMRAM] unsigned char [32]
  test            1   42[COMRAM] unsigned char 
 Return value:  Size  Location     Type
                  2   83[COMRAM] int 
 Registers used:
		wreg, fsr1l, fsr1h, fsr2l, fsr2h, status,2, status,0, prodl, cstack
 Tracked objects:
		On entry : 
		On exit  : 
		Unchanged: 
 Data sizes:     COMRAM   BANK0   BANK1   BANK2   BANK3   BANK4   BANK5   BANK6   BANK7   BANK8   BANK9  BANK10  BANK11  BANK12  BANK13  BANK14  BANK15
      Params:         0       0       0       0       0       0       0       0       0       0       0       0       0       0       0       0       0
      Locals:        33       0       0       0       0       0       0       0       0       0       0       0       0       0       0       0       0
      Temps:          0       0       0       0       0       0       0       0       0       0       0       0       0       0       0       0       0
      Totals:        33       0       0       0       0       0       0       0       0       0       0       0       0       0       0       0       0
Total ram usage:       33 bytes
 Hardware stack levels required when called:    4
 This function calls:
		_Delay10KTCYx
		_LCDClear
		_LCDInit
		_LCDPos
		_LCDPut
		_LCDPutString
		_initIO
		_initOscillator
 This function is called by:
		Startup code after reset
 This function uses a non-reentrant model


 *************** function _initOscillator *****************
 Defined at:
		line 44 in file "initBoard.c"
 Parameters:    Size  Location     Type
		None
 Auto vars:     Size  Location     Type
		None
 Return value:  Size  Location     Type
		None               void
 Registers used:
		None
 Tracked objects:
		On entry : 
		On exit  : 
		Unchanged: 
 Data sizes:     COMRAM   BANK0   BANK1   BANK2   BANK3   BANK4   BANK5   BANK6   BANK7   BANK8   BANK9  BANK10  BANK11  BANK12  BANK13  BANK14  BANK15
      Params:         0       0       0       0       0       0       0       0       0       0       0       0       0       0       0       0       0
      Locals:         0       0       0       0       0       0       0       0       0       0       0       0       0       0       0       0       0
      Temps:          0       0       0       0       0       0       0       0       0       0       0       0       0       0       0       0       0
      Totals:         0       0       0       0       0       0       0       0       0       0       0       0       0       0       0       0       0
Total ram usage:        0 bytes
 Hardware stack levels used:    1
 This function calls:
		Nothing
 This function is called by:
		_main
 This function uses a non-reentrant model


 *************** function _initIO *****************
 Defined at:
		line 56 in file "initBoard.c"
 Parameters:    Size  Location     Type
		None
 Auto vars:     Size  Location     Type
		None
 Return value:  Size  Location     Type
		None               void
 Registers used:
		wreg, status,2
 Tracked objects:
		On entry : 
		On exit  : 
		Unchanged: 
 Data sizes:     COMRAM   BANK0   BANK1   BANK2   BANK3   BANK4   BANK5   BANK6   BANK7   BANK8   BANK9  BANK10  BANK11  BANK12  BANK13  BANK14  BANK15
      Params:         0       0       0       0       0       0       0       0       0       0       0       0       0       0       0       0       0
      Locals:         0       0       0       0       0       0       0       0       0       0       0       0       0       0       0       0       0
      Temps:          0       0       0       0       0       0       0       0       0       0       0       0       0       0       0       0       0
      Totals:         0       0       0       0       0       0       0       0       0       0       0       0       0       0       0       0       0
Total ram usage:        0 bytes
 Hardware stack levels used:    1
 This function calls:
		Nothing
 This function is called by:
		_main
 This function uses a non-reentrant model


 *************** function _LCDPutString *****************
 Defined at:
		line 214 in file "../common/lcd.c"
 Parameters:    Size  Location     Type
  DString         2    4[COMRAM] PTR unsigned char 
		 -> main@TString(32), 
 Auto vars:     Size  Location     Type
  lpos1           2    8[COMRAM] int 
  p_DString       2    6[COMRAM] PTR unsigned char 
		 -> main@TString(32), 
 Return value:  Size  Location     Type
		None               void
 Registers used:
		wreg, fsr2l, fsr2h, status,2, status,0, prodl, cstack
 Tracked objects:
		On entry : 
		On exit  : 
		Unchanged: 
 Data sizes:     COMRAM   BANK0   BANK1   BANK2   BANK3   BANK4   BANK5   BANK6   BANK7   BANK8   BANK9  BANK10  BANK11  BANK12  BANK13  BANK14  BANK15
      Params:         2       0       0       0       0       0       0       0       0       0       0       0       0       0       0       0       0
      Locals:         4       0       0       0       0       0       0       0       0       0       0       0       0       0       0       0       0
      Temps:          0       0       0       0       0       0       0       0       0       0       0       0       0       0       0       0       0
      Totals:         6       0       0       0       0       0       0       0       0       0       0       0       0       0       0       0       0
Total ram usage:        6 bytes
 Hardware stack levels used:    1
 Hardware stack levels required when called:    3
 This function calls:
		_LCDPos
		_LCDPut
 This function is called by:
		_main
 This function uses a non-reentrant model


 *************** function _LCDPut *****************
 Defined at:
		line 167 in file "../common/lcd.c"
 Parameters:    Size  Location     Type
  A               1    wreg     unsigned char 
 Auto vars:     Size  Location     Type
  A               1    2[COMRAM] unsigned char 
 Return value:  Size  Location     Type
		None               void
 Registers used:
		wreg, status,2, status,0, cstack
 Tracked objects:
		On entry : 
		On exit  : 
		Unchanged: 
 Data sizes:     COMRAM   BANK0   BANK1   BANK2   BANK3   BANK4   BANK5   BANK6   BANK7   BANK8   BANK9  BANK10  BANK11  BANK12  BANK13  BANK14  BANK15
      Params:         0       0       0       0       0       0       0       0       0       0       0       0       0       0       0       0       0
      Locals:         1       0       0       0       0       0       0       0       0       0       0       0       0       0       0       0       0
      Temps:          0       0       0       0       0       0       0       0       0       0       0       0       0       0       0       0       0
      Totals:         1       0       0       0       0       0       0       0       0       0       0       0       0       0       0       0       0
Total ram usage:        1 bytes
 Hardware stack levels used:    1
 Hardware stack levels required when called:    2
 This function calls:
		_lcd_data
 This function is called by:
		_LCDPutString
		_main
 This function uses a non-reentrant model


 *************** function _lcd_data *****************
 Defined at:
		line 144 in file "../common/lcd.c"
 Parameters:    Size  Location     Type
  data            1    wreg     unsigned char 
 Auto vars:     Size  Location     Type
  data            1    1[COMRAM] unsigned char 
 Return value:  Size  Location     Type
		None               void
 Registers used:
		wreg, status,2, status,0, cstack
 Tracked objects:
		On entry : 
		On exit  : 
		Unchanged: 
 Data sizes:     COMRAM   BANK0   BANK1   BANK2   BANK3   BANK4   BANK5   BANK6   BANK7   BANK8   BANK9  BANK10  BANK11  BANK12  BANK13  BANK14  BANK15
      Params:         0       0       0       0       0       0       0       0       0       0       0       0       0       0       0       0       0
      Locals:         1       0       0       0       0       0       0       0       0       0       0       0       0       0       0       0       0
      Temps:          0       0       0       0       0       0       0       0       0       0       0       0       0       0       0       0       0
      Totals:         1       0       0       0       0       0       0       0       0       0       0       0       0       0       0       0       0
Total ram usage:        1 bytes
 Hardware stack levels used:    1
 Hardware stack levels required when called:    1
 This function calls:
		_Delay10TCYx
 This function is called by:
		_LCDPut
 This function uses a non-reentrant model


 *************** function _LCDPos *****************
 Defined at:
		line 181 in file "../common/lcd.c"
 Parameters:    Size  Location     Type
  pos             2    2[COMRAM] int 
 Auto vars:     Size  Location     Type
		None
 Return value:  Size  Location     Type
		None               void
 Registers used:
		wreg, status,2, status,0, prodl, cstack
 Tracked objects:
		On entry : 
		On exit  : 
		Unchanged: 
 Data sizes:     COMRAM   BANK0   BANK1   BANK2   BANK3   BANK4   BANK5   BANK6   BANK7   BANK8   BANK9  BANK10  BANK11  BANK12  BANK13  BANK14  BANK15
      Params:         2       0       0       0       0       0       0       0       0       0       0       0       0       0       0       0       0
      Locals:         0       0       0       0       0       0       0       0       0       0       0       0       0       0       0       0       0
      Temps:          0       0       0       0       0       0       0       0       0       0       0       0       0       0       0       0       0
      Totals:         2       0       0       0       0       0       0       0       0       0       0       0       0       0       0       0       0
Total ram usage:        2 bytes
 Hardware stack levels used:    1
 Hardware stack levels required when called:    2
 This function calls:
		_Delay100TCYx
		_lcd_cmd
 This function is called by:
		_LCDPutString
		_main
 This function uses a non-reentrant model


 *************** function _Delay100TCYx *****************
 Defined at:
		line 8 in file "C:\Program Files\Microchip\xc8\v1.32\sources\pic18\d100tcyx.c"
 Parameters:    Size  Location     Type
  unit            1    wreg     unsigned char 
 Auto vars:     Size  Location     Type
  unit            1    0[COMRAM] unsigned char 
 Return value:  Size  Location     Type
		None               void
 Registers used:
		wreg
 Tracked objects:
		On entry : 
		On exit  : 
		Unchanged: 
 Data sizes:     COMRAM   BANK0   BANK1   BANK2   BANK3   BANK4   BANK5   BANK6   BANK7   BANK8   BANK9  BANK10  BANK11  BANK12  BANK13  BANK14  BANK15
      Params:         0       0       0       0       0       0       0       0       0       0       0       0       0       0       0       0       0
      Locals:         1       0       0       0       0       0       0       0       0       0       0       0       0       0       0       0       0
      Temps:          0       0       0       0       0       0       0       0       0       0       0       0       0       0       0       0       0
      Totals:         1       0       0       0       0       0       0       0       0       0       0       0       0       0       0       0       0
Total ram usage:        1 bytes
 Hardware stack levels used:    1
 This function calls:
		Nothing
 This function is called by:
		_LCDPos
		_LCDL1Home
		_LCDL2Home
 This function uses a non-reentrant model


 *************** function _LCDInit *****************
 Defined at:
		line 60 in file "../common/lcd.c"
 Parameters:    Size  Location     Type
		None
 Auto vars:     Size  Location     Type
		None
 Return value:  Size  Location     Type
		None               void
 Registers used:
		wreg, status,2, status,0, cstack
 Tracked objects:
		On entry : 
		On exit  : 
		Unchanged: 
 Data sizes:     COMRAM   BANK0   BANK1   BANK2   BANK3   BANK4   BANK5   BANK6   BANK7   BANK8   BANK9  BANK10  BANK11  BANK12  BANK13  BANK14  BANK15
      Params:         0       0       0       0       0       0       0       0       0       0       0       0       0       0       0       0       0
      Locals:         0       0       0       0       0       0       0       0       0       0       0       0       0       0       0       0       0
      Temps:          0       0       0       0       0       0       0       0       0       0       0       0       0       0       0       0       0
      Totals:         0       0       0       0       0       0       0       0       0       0       0       0       0       0       0       0       0
Total ram usage:        0 bytes
 Hardware stack levels used:    1
 Hardware stack levels required when called:    2
 This function calls:
		_Delay10TCYx
		_Delay1KTCYx
		_lcd_cmd
 This function is called by:
		_main
 This function uses a non-reentrant model


 *************** function _Delay10TCYx *****************
 Defined at:
		line 8 in file "C:\Program Files\Microchip\xc8\v1.32\sources\pic18\d10tcyx.c"
 Parameters:    Size  Location     Type
  unit            1    wreg     unsigned char 
 Auto vars:     Size  Location     Type
  unit            1    0[COMRAM] unsigned char 
 Return value:  Size  Location     Type
		None               void
 Registers used:
		wreg
 Tracked objects:
		On entry : 
		On exit  : 
		Unchanged: 
 Data sizes:     COMRAM   BANK0   BANK1   BANK2   BANK3   BANK4   BANK5   BANK6   BANK7   BANK8   BANK9  BANK10  BANK11  BANK12  BANK13  BANK14  BANK15
      Params:         0       0       0       0       0       0       0       0       0       0       0       0       0       0       0       0       0
      Locals:         1       0       0       0       0       0       0       0       0       0       0       0       0       0       0       0       0
      Temps:          0       0       0       0       0       0       0       0       0       0       0       0       0       0       0       0       0
      Totals:         1       0       0       0       0       0       0       0       0       0       0       0       0       0       0       0       0
Total ram usage:        1 bytes
 Hardware stack levels used:    1
 This function calls:
		Nothing
 This function is called by:
		_LCDInit
		_lcd_data
 This function uses a non-reentrant model


 *************** function _LCDClear *****************
 Defined at:
		line 121 in file "../common/lcd.c"
 Parameters:    Size  Location     Type
		None
 Auto vars:     Size  Location     Type
		None
 Return value:  Size  Location     Type
		None               void
 Registers used:
		wreg, status,2, status,0, cstack
 Tracked objects:
		On entry : 
		On exit  : 
		Unchanged: 
 Data sizes:     COMRAM   BANK0   BANK1   BANK2   BANK3   BANK4   BANK5   BANK6   BANK7   BANK8   BANK9  BANK10  BANK11  BANK12  BANK13  BANK14  BANK15
      Params:         0       0       0       0       0       0       0       0       0       0       0       0       0       0       0       0       0
      Locals:         0       0       0       0       0       0       0       0       0       0       0       0       0       0       0       0       0
      Temps:          0       0       0       0       0       0       0       0       0       0       0       0       0       0       0       0       0
      Totals:         0       0       0       0       0       0       0       0       0       0       0       0       0       0       0       0       0
Total ram usage:        0 bytes
 Hardware stack levels used:    1
 Hardware stack levels required when called:    2
 This function calls:
		_lcd_cmd
 This function is called by:
		_main
 This function uses a non-reentrant model


 *************** function _lcd_cmd *****************
 Defined at:
		line 128 in file "../common/lcd.c"
 Parameters:    Size  Location     Type
  cmd             1    wreg     unsigned char 
 Auto vars:     Size  Location     Type
  cmd             1    1[COMRAM] unsigned char 
 Return value:  Size  Location     Type
		None               void
 Registers used:
		wreg, status,2, status,0, cstack
 Tracked objects:
		On entry : 
		On exit  : 
		Unchanged: 
 Data sizes:     COMRAM   BANK0   BANK1   BANK2   BANK3   BANK4   BANK5   BANK6   BANK7   BANK8   BANK9  BANK10  BANK11  BANK12  BANK13  BANK14  BANK15
      Params:         0       0       0       0       0       0       0       0       0       0       0       0       0       0       0       0       0
      Locals:         1       0       0       0       0       0       0       0       0       0       0       0       0       0       0       0       0
      Temps:          0       0       0       0       0       0       0       0       0       0       0       0       0       0       0       0       0
      Totals:         1       0       0       0       0       0       0       0       0       0       0       0       0       0       0       0       0
Total ram usage:        1 bytes
 Hardware stack levels used:    1
 Hardware stack levels required when called:    1
 This function calls:
		_Delay1KTCYx
 This function is called by:
		_LCDInit
		_LCDClear
		_LCDPos
		_LCDL1Home
		_LCDL2Home
 This function uses a non-reentrant model


 *************** function _Delay1KTCYx *****************
 Defined at:
		line 8 in file "C:\Program Files\Microchip\xc8\v1.32\sources\pic18\d1ktcyx.c"
 Parameters:    Size  Location     Type
  unit            1    wreg     unsigned char 
 Auto vars:     Size  Location     Type
  unit            1    0[COMRAM] unsigned char 
 Return value:  Size  Location     Type
		None               void
 Registers used:
		wreg
 Tracked objects:
		On entry : 
		On exit  : 
		Unchanged: 
 Data sizes:     COMRAM   BANK0   BANK1   BANK2   BANK3   BANK4   BANK5   BANK6   BANK7   BANK8   BANK9  BANK10  BANK11  BANK12  BANK13  BANK14  BANK15
      Params:         0       0       0       0       0       0       0       0       0       0       0       0       0       0       0       0       0
      Locals:         1       0       0       0       0       0       0       0       0       0       0       0       0       0       0       0       0
      Temps:          0       0       0       0       0       0       0       0       0       0       0       0       0       0       0       0       0
      Totals:         1       0       0       0       0       0       0       0       0       0       0       0       0       0       0       0       0
Total ram usage:        1 bytes
 Hardware stack levels used:    1
 This function calls:
		Nothing
 This function is called by:
		_LCDInit
		_lcd_cmd
 This function uses a non-reentrant model


 *************** function _Delay10KTCYx *****************
 Defined at:
		line 8 in file "C:\Program Files\Microchip\xc8\v1.32\sources\pic18\d10ktcyx.c"
 Parameters:    Size  Location     Type
  unit            1    wreg     unsigned char 
 Auto vars:     Size  Location     Type
  unit            1    1[COMRAM] unsigned char 
 Return value:  Size  Location     Type
		None               void
 Registers used:
		wreg
 Tracked objects:
		On entry : 
		On exit  : 
		Unchanged: 
 Data sizes:     COMRAM   BANK0   BANK1   BANK2   BANK3   BANK4   BANK5   BANK6   BANK7   BANK8   BANK9  BANK10  BANK11  BANK12  BANK13  BANK14  BANK15
      Params:         0       0       0       0       0       0       0       0       0       0       0       0       0       0       0       0       0
      Locals:         1       0       0       0       0       0       0       0       0       0       0       0       0       0       0       0       0
      Temps:          1       0       0       0       0       0       0       0       0       0       0       0       0       0       0       0       0
      Totals:         2       0       0       0       0       0       0       0       0       0       0       0       0       0       0       0       0
Total ram usage:        2 bytes
 Hardware stack levels used:    1
 This function calls:
		Nothing
 This function is called by:
		_main
 This function uses a non-reentrant model



MODULE INFORMATION

Module		Function		Class		Link	Load	Size
C:\Program Files\Microchip\xc8\v1.32\sources\pic18\d10ktcyx.c
		_Delay10KTCYx  		CODE           	FDDC	0000	22

C:\Program Files\Microchip\xc8\v1.32\sources\pic18\d10ktcyx.c estimated size: 22

../common/lcd.c
		_LCDClear      		CODE           	FD92	0000	8
		_lcd_cmd       		CODE           	FDF2	0000	32
		_LCDPut        		CODE           	FDA2	0000	10
		_lcd_data      		CODE           	FE32	0000	34
		_LCDPutString  		CODE           	FEB2	0000	92
		_LCDInit       		CODE           	FF0E	0000	118
		_LCDPos        		CODE           	FE7E	0000	52

../common/lcd.c estimated size: 346

C:\Program Files\Microchip\xc8\v1.32\sources\pic18\d1ktcyx.c
		_Delay1KTCYx   		CODE           	FDAC	0000	16

C:\Program Files\Microchip\xc8\v1.32\sources\pic18\d1ktcyx.c estimated size: 16

shared
		__initializatio		CODE           	FE54	0000	36

shared estimated size: 36

lab6_main.c
		_main          		CODE           	FF84	0000	124

lab6_main.c estimated size: 124

initBoard.c
		_initOscillator		CODE           	FD9A	0000	8
		_initIO        		CODE           	FD8C	0000	6

initBoard.c estimated size: 14

C:\Program Files\Microchip\xc8\v1.32\sources\pic18\d10tcyx.c
		_Delay10TCYx   		CODE           	FDBC	0000	16

C:\Program Files\Microchip\xc8\v1.32\sources\pic18\d10tcyx.c estimated size: 16

C:\Program Files\Microchip\xc8\v1.32\sources\pic18\d100tcyx.c
		_Delay100TCYx  		CODE           	FDCC	0000	16

C:\Program Files\Microchip\xc8\v1.32\sources\pic18\d100tcyx.c estimated size: 16

